// Jest Snapshot v1, https://goo.gl/fbAQLP

exports[`CardImage renders correctly 1`] = `
<div
  class="main-container__item"
  id="test"
>
  <a
    class="oslo__card-image"
    style="background-image: url(test); background-color: black;"
  >
    <span
      class="oslo__category"
      style="background-color: white;"
    >
      
      test
    
    </span>
     
    <span
      class="oslo__tema"
    >
      test
    </span>
     
    <span
      class="oslo__see-more-text"
    >
      Se mer
    </span>
  </a>
</div>
`;
