// Jest Snapshot v1, https://goo.gl/fbAQLP

exports[`Graph renders correctly 1`] = `
<div
  class="graph__container"
>
  <svg
    class="graph__svg"
  />
   
  <div
    class="resize-observer"
    data-v-b329ee4c=""
    tabindex="-1"
  >
    <object
      aria-hidden="true"
      data="about:blank"
      tabindex="-1"
      type="text/html"
    />
  </div>
</div>
`;
