// Jest Snapshot v1, https://goo.gl/fbAQLP

exports[`TheNavigationTopbar renders correctly 1`] = `
<header
  class="oslo__navigation-topbar"
>
  <h1
    class="header"
    id="select"
  >
    Bydel Sagene
  </h1>
  <div
    class="navigation-topbar navigation-topbar--hidden"
  >
    <!--v-if-->
    <transition-stub
      appear="false"
      css="true"
      name="fade"
      persisted="false"
    >
      <!--v-if-->
    </transition-stub>
  </div>
</header>
`;
