// Jest Snapshot v1, https://goo.gl/fbAQLP

exports[`Topic renders component correctly 1`] = `
<div
  class="main-container"
>
  <div
    class="main-container__cards"
  >
    <graph-card-stub
      settings="[object Object]"
    />
    <graph-card-stub
      settings="[object Object]"
    />
    <graph-card-stub
      settings="[object Object]"
    />
     
    <div
      class="related"
    >
      <h2
        class="section-heading"
      >
        Se også
      </h2>
       
      <div
        class="topics-grid"
      >
        <v-category-stub
          bgcolor="rgb(255, 129, 116)"
          bgimage="/img/folkemengde"
          category="Befolkning"
          disabled="true"
          district="$route.params.district"
          id="folkemengde"
          topic="Folkemengde"
          txtcolor="rgb(245, 173, 165)"
        />
        <v-category-stub
          bgcolor="rgb(66, 248, 182)"
          bgimage="/img/husholdninger"
          category="Bomiljø"
          disabled="true"
          district="$route.params.district"
          id="husholdninger"
          topic="Husholdninger"
          txtcolor="rgb(199, 247, 201)"
        />
        <v-category-stub
          bgcolor="rgb(248, 198, 107)"
          bgimage="/img/levekaar"
          category="Levekår"
          disabled="true"
          district="$route.params.district"
          id="levekaar"
          topic="Levekår"
          txtcolor="rgb(244, 206, 138)"
        />
      </div>
    </div>
  </div>
</div>
`;
